MPASM 03.20.02 Released          END1.ASM   11-21-2002  20:20:16         PAGE  1


LOC  OBJECT CODE     LINE SOURCE TEXT
  VALUE

                      00001 ; END1.ASM
                      00002 
                      00003 ; This file tests legal usage of the END directive.
                      00004 
                      00005         LIST    P=16C54, R=HEX
                      00006 
0000   0001 0002 0003 00007         DATA    1, 2, 3
                      00008         END
MPASM 03.20.02 Released          END1.ASM   11-21-2002  20:20:16         PAGE  2


SYMBOL TABLE
  LABEL                             VALUE 

__16C54                           00000001


MEMORY USAGE MAP ('X' = Used,  '-' = Unused)

0000 : XXX------------- ---------------- ---------------- ----------------

All other memory blocks unused.

Program Memory Words Used:     3
Program Memory Words Free:   509


Errors   :     0
Warnings :     0 reported,     0 suppressed
Messages :     0 reported,     0 suppressed

