MPASM 03.20.02 Released          EQU1.ASM   11-21-2002  20:20:16         PAGE  1


LOC  OBJECT CODE     LINE SOURCE TEXT
  VALUE

                      00001 ; EQU1.ASM
                      00002 
                      00003 ; This file tests legal usage of the EQU directive.
                      00004 
                      00005         LIST    P=16C54, R=HEX
                      00006 
                      00007 #DEFINE Def1    10
                      00008 
  00000001            00009 Sym01   EQU     1
  00000010            00010 Sym02   EQU     Def1
  00000001            00011 Sym03   EQU     Sym01
  00000012            00012 Sym04   EQU     Sym01+Sym02+Sym03
  00000011            00013 Sym05   EQU     Sym04 - Sym03
                      00014 
0000   0001 0010 0001 00015         DATA    Sym01, Sym02, Sym03, Sym04, Sym05
       0012 0011 
                      00016 
                      00017         END
MPASM 03.20.02 Released          EQU1.ASM   11-21-2002  20:20:16         PAGE  2


SYMBOL TABLE
  LABEL                             VALUE 

Def1                              10
Sym01                             00000001
Sym02                             00000010
Sym03                             00000001
Sym04                             00000012
Sym05                             00000011
__16C54                           00000001


MEMORY USAGE MAP ('X' = Used,  '-' = Unused)

0000 : XXXXX----------- ---------------- ---------------- ----------------

All other memory blocks unused.

Program Memory Words Used:     5
Program Memory Words Free:   507


Errors   :     0
Warnings :     0 reported,     0 suppressed
Messages :     0 reported,     0 suppressed

