MPASM Version 3.00 Beta Release   FUSES1.ASM   01/31/2001  12:11:22	   PAGE 1


LOC  OBJECT CODE     LINE SOURCE TEXT
  VALUE

                        00001 ; FUSES1.ASM
                        00002 
                        00003 ; This file tests the __FUSES directive for 12-bit core.
                        00004 
                        00005         LIST    P=16C54, R=HEX
                        00006 
Message[303]: Program word too large.  Truncated to core size. (1234)
0FFF     0234           00007         __FUSES 1234
                        00008 
                        00009         END
MPASM Version 3.00 Beta Release   FUSES1.ASM   01/31/2001  12:11:22	   PAGE 2


SYMBOL TABLE
  LABEL                             VALUE 

__16C54                           00000001


MEMORY USAGE MAP ('X' = Used,  '-' = Unused)

0FC0 : ---------------- ---------------- ---------------- ---------------X

All other memory blocks unused.

Program Memory Words Used:     0
Program Memory Words Free:   512


Errors   :     0
Warnings :     0 reported,     0 suppressed
Messages :     1 reported,     0 suppressed

