MPASM Version 3.00 Beta Release   SZR84.ASM   01/31/2001  12:40:22	   PAGE 1


LOC  OBJECT CODE     LINE SOURCE TEXT
  VALUE

                        00001 ; SZR84.ASM
                        00002 
                        00003 ; This file tests for the processor-specific items for the selected
                        00004 ; processor.
                        00005 
                        00006         LIST    P=16CR84, R=HEX
                        00007 
  000003FF              00008 MAXROM  EQU     03FF
  0000004F              00009 MAXRAM  EQU     004F
                        00010 
0000     3412           00011         RETLW   12              ; 0812 = 12-BIT
                        00012                                 ; 3412 = 14-BIT
                        00013                                 ; B612 = 16-BIT
                        00014 
0001     00CF           00015         MOVWF   MAXRAM          ; OK
Message[302]: Register in operand not in bank 0.  Ensure that bank bits are correct.
0002     00D0           00016         MOVWF   MAXRAM+1        ; MESSAGE
                        00017 
03FF                    00018         ORG     MAXROM
03FF     0000           00019         NOP                     ; OK
Warning[220]: Address exceeds maximum range for this processor.
0400     0000           00020         NOP                     ; ERROR
                        00021 
                        00022                                         ; EE Processors
20FF                    00023         ORG     20FF
Warning[220]: Address exceeds maximum range for this processor.
20FF     0022           00024         DE      22              ; ERROR
                        00025 
2100                    00026         ORG     2100
2100     0033           00027         FILL    33, 40          ; OK
Warning[220]: Address exceeds maximum range for this processor.
2140     0044           00028         DE      44              ; ERROR
                        00029 
                        00030         END
MPASM Version 3.00 Beta Release   SZR84.ASM   01/31/2001  12:40:22	   PAGE 2


SYMBOL TABLE
  LABEL                             VALUE 

MAXRAM                            0000004F
MAXROM                            000003FF
__16CR84                          00000001


MEMORY USAGE MAP ('X' = Used,  '-' = Unused)

0000 : XXX------------- ---------------- ---------------- ----------------
03C0 : ---------------- ---------------- ---------------- ---------------X
0400 : X--------------- ---------------- ---------------- ----------------
20C0 : ---------------- ---------------- ---------------- ---------------X
2100 : XXXXXXXXXXXXXXXX XXXXXXXXXXXXXXXX XXXXXXXXXXXXXXXX XXXXXXXXXXXXXXXX
2140 : X--------------- ---------------- ---------------- ----------------

All other memory blocks unused.

Program Memory Words Used:     4
Program Memory Words Free:  1020


Errors   :     0
Warnings :     3 reported,     0 suppressed
Messages :     1 reported,     0 suppressed

