MPASM  5.47  /MNT/A1A5D1F2-0B60-42B4-9012-910   11-30-2012  16:04:27         PAGE  1


LOC  OBJECT CODE     LINE SOURCE TEXT
  VALUE

                      00001 ; WHILE1.ASM
                      00002 
                      00003 ; This file tests general use of the WHILE directive.
                      00004 
                      00005         LIST    P=17C44, R=DEC
                      00006 
                      00007 ;;;; Begin: Changed in gputils
                      00008 ;;;;    I = 5
  00000005            00009 I = 5
                      00010 ;;;; End: Changed in gputils
                      00011         WHILE I > 0     ; Multiple passes
0000   0005           00012            DATA I
                      00013 ;;;; Begin: Changed in gputils
                      00014 ;;;;       I--
  00000004            00015 I--
                      00016 ;;;; End: Changed in gputils
0001   0004           00012            DATA I
                      00013 ;;;; Begin: Changed in gputils
                      00014 ;;;;       I--
  00000003            00015 I--
                      00016 ;;;; End: Changed in gputils
0002   0003           00012            DATA I
                      00013 ;;;; Begin: Changed in gputils
                      00014 ;;;;       I--
  00000002            00015 I--
                      00016 ;;;; End: Changed in gputils
0003   0002           00012            DATA I
                      00013 ;;;; Begin: Changed in gputils
                      00014 ;;;;       I--
  00000001            00015 I--
                      00016 ;;;; End: Changed in gputils
0004   0001           00012            DATA I
                      00013 ;;;; Begin: Changed in gputils
                      00014 ;;;;       I--
  00000000            00015 I--
                      00016 ;;;; End: Changed in gputils
                      00017         ENDW
                      00018 
                      00019 ;;;; Begin: Changed in gputils
                      00020 ;;;;    I = 10
  0000000A            00021 I = 10
                      00022 ;;;; End: Changed in gputils
                      00023         WHILE I == 10   ; Single pass
0005   000A           00024            DATA I
                      00025 ;;;; Begin: Changed in gputils
                      00026 ;;;;       I++
  0000000B            00027 I++
                      00028 ;;;; End: Changed in gputils
                      00029         ENDW
                      00030 
                      00031 ;;;; Begin: Changed in gputils
                      00032 ;;;;    I = 10
  0000000A            00033 I = 10
MPASM  5.47  /MNT/A1A5D1F2-0B60-42B4-9012-910   11-30-2012  16:04:27         PAGE  2


LOC  OBJECT CODE     LINE SOURCE TEXT
  VALUE

                      00034 ;;;; End: Changed in gputils
                      00035         WHILE I == 0    ; No pass
                      00036            DATA I
                      00037 ;;;; Begin: Changed in gputils
                      00038 ;;;;       I++
                      00039 I++
                      00040 ;;;; End: Changed in gputils
                      00041         ENDW
                      00042 
                      00043 ;;;; Begin: Changed in gputils
                      00044 ;;;;    I = 2
  00000002            00045 I = 2
                      00046 ;;;; End: Changed in gputils
                      00047         WHILE I > 0             ; Nested WHILE
                      00048 ;;;; Begin: Changed in gputils
                      00049 ;;;;       J = 3
  00000003            00050 J = 3
                      00051 ;;;; End: Changed in gputils
                      00052            WHILE J > 0
0006   0006           00053               DATA      I * J
                      00054 ;;;; Begin: Changed in gputils
                      00055 ;;;;          J--
  00000002            00056 J--
                      00057 ;;;; End: Changed in gputils
0007   0004           00053               DATA      I * J
                      00054 ;;;; Begin: Changed in gputils
                      00055 ;;;;          J--
  00000001            00056 J--
                      00057 ;;;; End: Changed in gputils
0008   0002           00053               DATA      I * J
                      00054 ;;;; Begin: Changed in gputils
                      00055 ;;;;          J--
  00000000            00056 J--
                      00057 ;;;; End: Changed in gputils
                      00058            ENDW
                      00059 ;;;; Begin: Changed in gputils
                      00060 ;;;;       I--
  00000001            00061 I--
                      00062 ;;;; End: Changed in gputils
                      00048 ;;;; Begin: Changed in gputils
                      00049 ;;;;       J = 3
  00000003            00050 J = 3
                      00051 ;;;; End: Changed in gputils
                      00052            WHILE J > 0
0009   0003           00053               DATA      I * J
                      00054 ;;;; Begin: Changed in gputils
                      00055 ;;;;          J--
  00000002            00056 J--
                      00057 ;;;; End: Changed in gputils
000A   0002           00053               DATA      I * J
                      00054 ;;;; Begin: Changed in gputils
                      00055 ;;;;          J--
  00000001            00056 J--
MPASM  5.47  /MNT/A1A5D1F2-0B60-42B4-9012-910   11-30-2012  16:04:27         PAGE  3


LOC  OBJECT CODE     LINE SOURCE TEXT
  VALUE

                      00057 ;;;; End: Changed in gputils
000B   0001           00053               DATA      I * J
                      00054 ;;;; Begin: Changed in gputils
                      00055 ;;;;          J--
  00000000            00056 J--
                      00057 ;;;; End: Changed in gputils
                      00058            ENDW
                      00059 ;;;; Begin: Changed in gputils
                      00060 ;;;;       I--
  00000000            00061 I--
                      00062 ;;;; End: Changed in gputils
                      00063         ENDW
                      00064 
                      00065 ;SSR 1351, Multiple line macro called from within a WHILE
                      00066 
                      00067 TEST    MACRO   NUM     
                      00068         ADDLW   NUM
                      00069         ADDLW   NUM
                      00070         ADDLW   NUM
                      00071         ENDM
                      00072 
                      00073 ;;;; Begin: Changed in gputils
                      00074 ;;;;    I = 3
  00000003            00075 I = 3
                      00076 ;;;; End: Changed in gputils
                      00077         WHILE I > 0
                      00078            TEST I
000C   B103               M         ADDLW   I
000D   B103               M         ADDLW   I
000E   B103               M         ADDLW   I
                      00079 ;;;; Begin: Changed in gputils
                      00080 ;;;;       I--
  00000002            00081 I--
                      00082 ;;;; End: Changed in gputils
                      00078            TEST I
000F   B102               M         ADDLW   I
0010   B102               M         ADDLW   I
0011   B102               M         ADDLW   I
                      00079 ;;;; Begin: Changed in gputils
                      00080 ;;;;       I--
  00000001            00081 I--
                      00082 ;;;; End: Changed in gputils
                      00078            TEST I
0012   B101               M         ADDLW   I
0013   B101               M         ADDLW   I
0014   B101               M         ADDLW   I
                      00079 ;;;; Begin: Changed in gputils
                      00080 ;;;;       I--
  00000000            00081 I--
                      00082 ;;;; End: Changed in gputils
                      00083         ENDW
                      00084 
                      00085         END
MPASM  5.47  /MNT/A1A5D1F2-0B60-42B4-9012-910   11-30-2012  16:04:27         PAGE  4


SYMBOL TABLE
  LABEL                             VALUE 

I                                 00000000
J                                 00000000
TEST                              
__17C44                           00000001


MEMORY USAGE MAP ('X' = Used,  '-' = Unused)

0000 : XXXXXXXXXXXXXXXX XXXXX----------- ---------------- ----------------

All other memory blocks unused.

Program Memory Words Used:    21


Errors   :     0
Warnings :     0 reported,     0 suppressed
Messages :     0 reported,     0 suppressed

