MPASM 03.20.02 Released        FUSES5.ASM   11-21-2002  20:20:19         PAGE  1


LOC  OBJECT CODE     LINE SOURCE TEXT
  VALUE

                      00001 ; FUSES5.ASM
                      00002 
                      00003 ; This file tests using the __FUSES directive twice.
                      00004 
                      00005         LIST    P=17C44, R=HEX, F=INHX32
                      00006 
FE00   1234           00007         __FUSES 1234
Error[118]  : Overwriting previous address contents (FE00)
Error[118]  : Overwriting previous address contents (FE00)
FE00   5678           00008         __FUSES 5678
                      00009 
                      00010         END
MPASM 03.20.02 Released        FUSES5.ASM   11-21-2002  20:20:19         PAGE  2


SYMBOL TABLE
  LABEL                             VALUE 

__17C44                           00000001


MEMORY USAGE MAP ('X' = Used,  '-' = Unused)

FE00 : X--------------- ---------------- ---------------- ----------------

All other memory blocks unused.

Program Memory Words Used:     1


Errors   :     2
Warnings :     0 reported,     0 suppressed
Messages :     0 reported,     0 suppressed

