MPASM Version 3.00 Beta Release   IDLOCS3.ASM   01/31/2001  12:39:43	   PAGE 1


LOC  OBJECT CODE     LINE SOURCE TEXT
  VALUE

                        00001 ; IDLOCS3.ASM
                        00002 
                        00003 ; This file tests the __IDLOCS directive for 16-bit core - illegal.
                        00004 
                        00005         LIST    P=17C44, R=HEX, F=INHX32
                        00006 
Error[123]  : Illegal directive (Not valid for this processor)
                        00007         __IDLOCS        1234
                        00008 
                        00009         END
MPASM Version 3.00 Beta Release   IDLOCS3.ASM   01/31/2001  12:39:43	   PAGE 2


SYMBOL TABLE
  LABEL                             VALUE 

__17C44                           00000001


MEMORY USAGE MAP ('X' = Used,  '-' = Unused)


All other memory blocks unused.

Program Memory Words Used:     0


Errors   :     1
Warnings :     0 reported,     0 suppressed
Messages :     0 reported,     0 suppressed

