MPASM 03.20.02 Released      PRTWICE1.ASM   11-21-2002  20:21:34         PAGE  1


LOC  OBJECT CODE     LINE SOURCE TEXT
  VALUE

                      00001 ;PRTWICE1.ASM
                      00002         PROCESSOR       16C71
                      00003 
0000   0000           00004         NOP
                      00005 
Warning[223]: Redefining processor.
                      00006         PROCESSOR       16C71
                      00007 
0001   0000           00008         NOP
                      00009 
                      00010         END
MPASM 03.20.02 Released      PRTWICE1.ASM   11-21-2002  20:21:34         PAGE  2


SYMBOL TABLE
  LABEL                             VALUE 

__16C71                           00000001


MEMORY USAGE MAP ('X' = Used,  '-' = Unused)

0000 : XX-------------- ---------------- ---------------- ----------------

All other memory blocks unused.

Program Memory Words Used:     2
Program Memory Words Free:  1022


Errors   :     0
Warnings :     1 reported,     0 suppressed
Messages :     0 reported,     0 suppressed

