MPASM 03.20.02 Released       UDATAS2.ASM   1-11-2003  20:59:45         PAGE  1


LOC  OBJECT CODE     LINE SOURCE TEXT
  VALUE

                      00001 ; UDATAS2.ASM
                      00002 
                      00003 ; This file tests illegal usage of the UDATA_SHR directive.
                      00004 ; It should be placed in the list comparison section for
                      00005 ; object files.
                      00006 
                      00007         list    p=17c44
                      00008 
                      00009 Data1   udata_shr                       ; Two segments, same name
0000                  00010         res             1
Error[154]  : Each object file section must be contiguous (section Data1)
                      00011 Data1   udata_shr
0000                  00012         res             1
                      00013 
Error[113]  : Symbol not previously defined (xyz)
                      00014 Data2   udata_shr       xyz             ; Illegal address
                      00015 
                      00016 Data3   udata_shr
Error[152]  : Executable code and data must be defined in an appropriate section
0000                  00017         nop                             ; Program code
Error[152]  : Executable code and data must be defined in an appropriate section
0000                  00018         db              1               ; Data byte
                      00019 
                      00020         end
MPASM 03.20.02 Released       UDATAS2.ASM   1-11-2003  20:59:45         PAGE  2


SYMBOL TABLE
  LABEL                             VALUE 

__17C44                           00000001

Errors   :     4
Warnings :     0 reported,     0 suppressed
Messages :     0 reported,     0 suppressed

